I'm sorry, but errors were detected in your script. Please correct the
errors listed below, and try again.


File "game/script.rpy", line 37: invalid syntax
    def count = 1
               ^

Ren'Py Version: Ren'Py 8.2.3.24061702
Fri Jun 28 15:42:31 2024
